I'm sorry, but errors were detected in your script. Please correct the
errors listed below, and try again.


File "game/script.rpy", line 61: Line is indented, but the preceding show statement statement does not expect a block. Please check this line's indentation.
    zoom 1.5
    ^

Ren'Py Version: Ren'Py 7.4.11.2266
Sat Apr  2 22:29:15 2022
